------------------------------------------------------------
Timing Analyzer Summary
------------------------------------------------------------

Type  : Slow 1100mV 85C Model Setup 'clk'
Slack : -9.003
TNS   : -1777.896

Type  : Slow 1100mV 85C Model Hold 'clk'
Slack : 0.460
TNS   : 0.000

Type  : Slow 1100mV 85C Model Minimum Pulse Width 'clk'
Slack : -2.636
TNS   : -233.391

Type  : Slow 1100mV 0C Model Setup 'clk'
Slack : -8.885
TNS   : -1753.901

Type  : Slow 1100mV 0C Model Hold 'clk'
Slack : 0.425
TNS   : 0.000

Type  : Slow 1100mV 0C Model Minimum Pulse Width 'clk'
Slack : -2.636
TNS   : -242.576

Type  : Fast 1100mV 85C Model Setup 'clk'
Slack : -4.942
TNS   : -949.056

Type  : Fast 1100mV 85C Model Hold 'clk'
Slack : 0.282
TNS   : 0.000

Type  : Fast 1100mV 85C Model Minimum Pulse Width 'clk'
Slack : -2.636
TNS   : -141.290

Type  : Fast 1100mV 0C Model Setup 'clk'
Slack : -4.426
TNS   : -852.024

Type  : Fast 1100mV 0C Model Hold 'clk'
Slack : 0.257
TNS   : 0.000

Type  : Fast 1100mV 0C Model Minimum Pulse Width 'clk'
Slack : -2.636
TNS   : -140.484

------------------------------------------------------------
