------------------------------------------------------------
Timing Analyzer Summary
------------------------------------------------------------

Type  : Slow 1100mV 85C Model Setup 'clk'
Slack : -5.297
TNS   : -946.961

Type  : Slow 1100mV 85C Model Hold 'clk'
Slack : 0.356
TNS   : 0.000

Type  : Slow 1100mV 85C Model Minimum Pulse Width 'clk'
Slack : -2.636
TNS   : -253.507

Type  : Slow 1100mV 0C Model Setup 'clk'
Slack : -5.196
TNS   : -927.593

Type  : Slow 1100mV 0C Model Hold 'clk'
Slack : 0.345
TNS   : 0.000

Type  : Slow 1100mV 0C Model Minimum Pulse Width 'clk'
Slack : -2.636
TNS   : -263.861

Type  : Fast 1100mV 85C Model Setup 'clk'
Slack : -2.549
TNS   : -457.853

Type  : Fast 1100mV 85C Model Hold 'clk'
Slack : 0.202
TNS   : 0.000

Type  : Fast 1100mV 85C Model Minimum Pulse Width 'clk'
Slack : -2.636
TNS   : -144.327

Type  : Fast 1100mV 0C Model Setup 'clk'
Slack : -2.244
TNS   : -395.091

Type  : Fast 1100mV 0C Model Hold 'clk'
Slack : 0.186
TNS   : 0.000

Type  : Fast 1100mV 0C Model Minimum Pulse Width 'clk'
Slack : -2.636
TNS   : -143.365

------------------------------------------------------------
