------------------------------------------------------------
Timing Analyzer Summary
------------------------------------------------------------

Type  : Slow 1100mV 85C Model Setup 'clk'
Slack : -8.356
TNS   : -1679.789

Type  : Slow 1100mV 85C Model Hold 'clk'
Slack : 0.450
TNS   : 0.000

Type  : Slow 1100mV 85C Model Minimum Pulse Width 'clk'
Slack : -2.636
TNS   : -363.548

Type  : Slow 1100mV 0C Model Setup 'clk'
Slack : -8.249
TNS   : -1658.345

Type  : Slow 1100mV 0C Model Hold 'clk'
Slack : 0.416
TNS   : 0.000

Type  : Slow 1100mV 0C Model Minimum Pulse Width 'clk'
Slack : -2.636
TNS   : -372.731

Type  : Fast 1100mV 85C Model Setup 'clk'
Slack : -4.564
TNS   : -898.881

Type  : Fast 1100mV 85C Model Hold 'clk'
Slack : 0.274
TNS   : 0.000

Type  : Fast 1100mV 85C Model Minimum Pulse Width 'clk'
Slack : -2.636
TNS   : -269.037

Type  : Fast 1100mV 0C Model Setup 'clk'
Slack : -4.091
TNS   : -796.232

Type  : Fast 1100mV 0C Model Hold 'clk'
Slack : 0.249
TNS   : 0.000

Type  : Fast 1100mV 0C Model Minimum Pulse Width 'clk'
Slack : -2.636
TNS   : -268.365

------------------------------------------------------------
