------------------------------------------------------------
Timing Analyzer Summary
------------------------------------------------------------

Type  : Slow 1100mV 85C Model Setup 'clk'
Slack : -6.994
TNS   : -1252.961

Type  : Slow 1100mV 85C Model Hold 'clk'
Slack : 0.457
TNS   : 0.000

Type  : Slow 1100mV 85C Model Minimum Pulse Width 'clk'
Slack : -2.636
TNS   : -226.419

Type  : Slow 1100mV 0C Model Setup 'clk'
Slack : -6.887
TNS   : -1226.848

Type  : Slow 1100mV 0C Model Hold 'clk'
Slack : 0.424
TNS   : 0.000

Type  : Slow 1100mV 0C Model Minimum Pulse Width 'clk'
Slack : -2.636
TNS   : -234.599

Type  : Fast 1100mV 85C Model Setup 'clk'
Slack : -3.864
TNS   : -655.234

Type  : Fast 1100mV 85C Model Hold 'clk'
Slack : 0.278
TNS   : 0.000

Type  : Fast 1100mV 85C Model Minimum Pulse Width 'clk'
Slack : -2.636
TNS   : -140.049

Type  : Fast 1100mV 0C Model Setup 'clk'
Slack : -3.398
TNS   : -574.312

Type  : Fast 1100mV 0C Model Hold 'clk'
Slack : 0.254
TNS   : 0.000

Type  : Fast 1100mV 0C Model Minimum Pulse Width 'clk'
Slack : -2.636
TNS   : -139.304

------------------------------------------------------------
