PC        Binary                             Instruction                             
00        1101000000101000                   	MOV R0, #40                            
01        1100000000101000                   	MOV R1, R0, LSL #1                     
02        1010000001000001                   	ADD R2, R0, R1                         
03        1010100000000001                   	CMP R0, R1                             
04        0010001100000010                   	BLT less_than                          
05                                 always                                  
05        1010101100000000                   	CMP R3, R0                             
06        0010000100000010                   	BEQ equal                              
07                                 less_than                               
07        1011001001100000                   	AND R3, R2, R0                         
08        0010000011111100                   	B always                               
09                                 equal                                   
09        1011100010000000                   	MVN R4, R0                             
0a        1010110000000000                   	CMP R4, R0                             
0b        0010001000000010                   	BNE not_equal                          
0c                                 function                                
0c        1101010100001010                   	MOV R5, #10                            
0d        0100000011100000                   	BX R7                                  
0e                                 not_equal                               
0e        1101010100011001                   	MOV R5, X                              
0f        0110010111000000                   	LDR R6, [R5]                           
10        1010010110100110                   	ADD R5, R5, R6                         
11        1010011011000000                   	ADD R6, R6, R0                         
12        1000010111000000                   	STR R6, [R5]                           
13        0101111111111000                   	BL function                            
14        1101011000010111                   	MOV R6, halt_func                      
15        0101011111000000                   	BLX R6                                 
17                                 halt_func                               
17        1101000100000000                   	MOV R1, #0                             
18        1110000000000000                   	HALT                                   
